fn main() {
    println!("This is a placeholder for the main function.");
    // You can call other functions or implement logic here.
}
